create table test_tsql_const(
	c_bit sys.bit check(c_bit <> cast(1 as sys.bit)),
	c_int int check(c_int < 10),
);
go

create table test_tsql_cast(
	c_float float check(c_float < cast(133.230182309832423 as float) and c_float < cast(133.230182309832423 as float(7))),
	c_real real check(c_real < cast(133.230182309832423 as real)),
	c_decimal decimal check(c_decimal < cast(133.230182309832423 as decimal) and c_decimal < cast(133.230182309832423 as decimal(5,3))),
	c_numeric numeric check(c_numeric < cast(133.230182309832423 as numeric) and c_numeric < cast(133.230182309832423 as numeric(5,3))),
);
go

create table test_tsql_collate(
	c_varchar varchar check(c_varchar <> cast('sflkjasdlkfjf' as varchar(12)) COLLATE bbf_unicode_cp1_ci_as),
	c_char char check(c_char <> cast('sflkjasdlkfjf' as char(7)) COLLATE bbf_unicode_cp1_ci_as),
	c_nchar nchar check(cast(c_nchar as nchar(7)) <> cast('sflkjasdlkfjf' as nchar(7)) COLLATE bbf_unicode_cp1_ci_as),
);
go

create table test_null(a int, check(a IS NOT NULL));
go

select tsql_get_constraintdef(oid) from pg_constraint where contype='c' and conrelid = (select oid from pg_class where relname='test_null');
go
~~START~~
text
((a IS NOT NULL))
~~END~~


select tsql_get_constraintdef(oid) from pg_constraint where contype='c' and conrelid = (select oid from pg_class where relname='test_tsql_const');
go
~~START~~
text
((c_bit <> CAST((1) AS "bit")))
((c_int < 10))
~~END~~


select tsql_get_constraintdef(oid) from pg_constraint where contype='c' and conrelid = (select oid from pg_class where relname='test_tsql_collate');
go
~~START~~
text
((c_varchar <> (CAST( AS "varchar"(12)) COLLATE bbf_unicode_cp1_ci_as)))
((c_char <> (CAST( AS bpchar(7)) COLLATE bbf_unicode_cp1_ci_as)))
((CAST((CAST((c_nchar) AS "nchar"(7))) AS bpchar) <> (CAST((CAST((CAST('sflkjasdlkfjf' AS bpchar)) AS "nchar"(7))) AS bpchar) COLLATE bbf_unicode_cp1_ci_as)))
~~END~~


select tsql_get_constraintdef(oid) from pg_constraint where contype='c' and conrelid = (select oid from pg_class where relname='test_tsql_cast');
go
~~START~~
text
(((c_float < CAST((133.230182309832423) AS double precision)) AND (c_float < CAST((133.230182309832423) AS real))))
((c_real < CAST((133.230182309832423) AS real)))
(((CAST((c_decimal) AS numeric) < CAST((CAST((133.230182309832423) AS "decimal"(18,0))) AS numeric)) AND (CAST((c_decimal) AS numeric) < CAST((CAST((133.230182309832423) AS "decimal"(5,3))) AS numeric))))
(((c_numeric < CAST( AS numeric(18,0))) AND (c_numeric < CAST( AS numeric(5,3)))))
~~END~~


drop table test_tsql_const
drop table test_null
drop table test_tsql_collate
drop table test_tsql_cast
go


